src/app/dashboard/chat/page.tsx(15,24): error TS2339: Property 'scrollIntoView' does not exist on type 'never'.
src/app/dashboard/chat/page.tsx(57,40): error TS2322: Type '{ name: string; size: number; online: true; }' is not assignable to type 'IntrinsicAttributes & AvatarProps'.
  Property 'online' does not exist on type 'IntrinsicAttributes & AvatarProps'.
src/app/dashboard/jobs/page.tsx(143,28): error TS2322: Type '{ status: string; }' is not assignable to type 'IntrinsicAttributes & BadgeProps'.
  Property 'status' does not exist on type 'IntrinsicAttributes & BadgeProps'.
src/app/dashboard/layout.tsx(9,43): error TS7031: Binding element 'children' implicitly has an 'any' type.
src/app/dashboard/prep/page.tsx(146,16): error TS2739: Type '{ label: string; color: string; }' is missing the following properties from type '{ label: any; color?: string | undefined; bg: any; onClick: any; }': bg, onClick
src/app/dashboard/settings/page.tsx(112,20): error TS2741: Property 'onChange' is missing in type '{ defaultOn: boolean; }' but required in type '{ defaultOn?: boolean | undefined; onChange: any; }'.
src/components/ui/Chip.tsx(1,32): error TS7031: Binding element 'label' implicitly has an 'any' type.
src/components/ui/Chip.tsx(1,58): error TS7031: Binding element 'bg' implicitly has an 'any' type.
src/components/ui/Chip.tsx(1,62): error TS7031: Binding element 'onClick' implicitly has an 'any' type.
src/components/ui/StatCard.tsx(3,36): error TS7031: Binding element 'label' implicitly has an 'any' type.
src/components/ui/StatCard.tsx(3,43): error TS7031: Binding element 'value' implicitly has an 'any' type.
src/components/ui/StatCard.tsx(3,50): error TS7031: Binding element 'unit' implicitly has an 'any' type.
src/components/ui/StatCard.tsx(3,56): error TS7031: Binding element 'trend' implicitly has an 'any' type.
src/components/ui/StatCard.tsx(3,63): error TS7031: Binding element 'color' implicitly has an 'any' type.
src/components/ui/StatCard.tsx(3,70): error TS7031: Binding element 'Icon' implicitly has an 'any' type.
src/components/ui/Toggle.tsx(4,53): error TS7031: Binding element 'onChange' implicitly has an 'any' type.
src/hooks/useTabs.ts(9,22): error TS7006: Parameter 'id' implicitly has an 'any' type.
src/hooks/useTabs.ts(11,21): error TS7006: Parameter 'id' implicitly has an 'any' type.
src/types/index.ts(3,3): error TS2305: Module '"@prisma/client"' has no exported member 'User'.
src/types/index.ts(4,3): error TS2305: Module '"@prisma/client"' has no exported member 'Subscription'.
src/types/index.ts(5,3): error TS2305: Module '"@prisma/client"' has no exported member 'JobApplication'.
src/types/index.ts(6,3): error TS2305: Module '"@prisma/client"' has no exported member 'Interview'.
src/types/index.ts(7,3): error TS2305: Module '"@prisma/client"' has no exported member 'Offer'.
src/types/index.ts(8,3): error TS2305: Module '"@prisma/client"' has no exported member 'Resume'.
src/types/index.ts(9,3): error TS2305: Module '"@prisma/client"' has no exported member 'Portfolio'.
src/types/index.ts(10,3): error TS2305: Module '"@prisma/client"' has no exported member 'MockInterview'.
src/types/index.ts(11,3): error TS2305: Module '"@prisma/client"' has no exported member 'Message'.
src/types/index.ts(12,3): error TS2305: Module '"@prisma/client"' has no exported member 'Notification'.
src/types/index.ts(13,3): error TS2305: Module '"@prisma/client"' has no exported member 'ActivityLog'.
